python : Traceback 
(most recent call 
last):
At line:1 char:1
+ python manage.py 
migrate > 
error_log.txt 2>&1
+ ~~~~~~~~~~~~~~~~~~~
~~~~~~~~~~~~~~~~~~~~~
~~~~~
    + CategoryInfo   
           : NotSpe  
  cified: (Traceba   
 ck (most recent     
call last)::Stri    
ng) [], RemoteEx    
ception
    + FullyQualified 
   ErrorId : Native  
  CommandError
 
  File "C:\Users\sahu
a\BookMyShowcase\back
end\manage.py", line 
20, in <module>
    main()
    ~~~~^^
  File "C:\Users\sahu
a\BookMyShowcase\back
end\manage.py", line 
17, in main
    execute_from_comm
and_line(sys.argv)
    ~~~~~~~~~~~~~~~~~
~~~~~~~~^^^^^^^^^^
  File "C:\Users\sahu
a\AppData\Roaming\Pyt
hon\Python314\site-pa
ckages\django\core\ma
nagement\__init__.py"
, line 443, in execut
e_from_command_line
    utility.execute()
    ~~~~~~~~~~~~~~~^^
  File "C:\Users\sahu
a\AppData\Roaming\Pyt
hon\Python314\site-pa
ckages\django\core\ma
nagement\__init__.py"
, line 417, in 
execute
    django.setup()
    ~~~~~~~~~~~~^^
  File "C:\Users\sahu
a\AppData\Roaming\Pyt
hon\Python314\site-pa
ckages\django\__init_
_.py", line 24, in 
setup
    apps.populate(set
tings.INSTALLED_APPS)
    ~~~~~~~~~~~~~^^^^
^^^^^^^^^^^^^^^^^^^^^
  File "C:\Users\sahu
a\AppData\Roaming\Pyt
hon\Python314\site-pa
ckages\django\apps\re
gistry.py", line 
116, in populate
    app_config.import
_models()
    ~~~~~~~~~~~~~~~~~
~~~~~~~^^
  File "C:\Users\sahu
a\AppData\Roaming\Pyt
hon\Python314\site-pa
ckages\django\apps\co
nfig.py", line 269, 
in import_models
    
self.models_module = 
import_module(models_
module_name)
                     
    ~~~~~~~~~~~~~^^^^
^^^^^^^^^^^^^^^^
  File "C:\Python314\
Lib\importlib\__init_
_.py", line 88, in 
import_module
    return _bootstrap
._gcd_import(name[lev
el:], package, level)
           ~~~~~~~~~~
~~~~~~~~~~~~^^^^^^^^^
^^^^^^^^^^^^^^^^^^^^^
  File "<frozen impor
tlib._bootstrap>", 
line 1398, in 
_gcd_import
  File "<frozen impor
tlib._bootstrap>", 
line 1371, in 
_find_and_load
  File "<frozen impor
tlib._bootstrap>", 
line 1342, in _find_a
nd_load_unlocked
  File "<frozen impor
tlib._bootstrap>", 
line 938, in 
_load_unlocked
  File "<frozen impor
tlib._bootstrap_exter
nal>", line 762, in 
exec_module
  File "<frozen impor
tlib._bootstrap>", 
line 491, in _call_wi
th_frames_removed
  File "C:\Users\sahu
a\AppData\Roaming\Pyt
hon\Python314\site-pa
ckages\django\contrib
\auth\models.py", 
line 5, in <module>
    from django.contr
ib.auth.base_user 
import 
AbstractBaseUser, 
BaseUserManager
  File "C:\Users\sahu
a\AppData\Roaming\Pyt
hon\Python314\site-pa
ckages\django\contrib
\auth\base_user.py", 
line 43, in <module>
    class AbstractBas
eUser(models.Model):
    ...<120 lines>...
            )
  File "C:\Users\sahu
a\AppData\Roaming\Pyt
hon\Python314\site-pa
ckages\django\db\mode
ls\base.py", line 
145, in __new__
    new_class.add_to_
class("_meta", 
Options(meta, 
app_label))
    ~~~~~~~~~~~~~~~~~
~~~~~^^^^^^^^^^^^^^^^
^^^^^^^^^^^^^^^^^^^
  File "C:\Users\sahu
a\AppData\Roaming\Pyt
hon\Python314\site-pa
ckages\django\db\mode
ls\base.py", line 
393, in add_to_class
    value.contribute_
to_class(cls, name)
    ~~~~~~~~~~~~~~~~~
~~~~~~~~^^^^^^^^^^^
  File "C:\Users\sahu
a\AppData\Roaming\Pyt
hon\Python314\site-pa
ckages\django\db\mode
ls\options.py", line 
238, in 
contribute_to_class
    self.db_table, co
nnection.ops.max_name
_length()
                   
^^^^^^^^^^^^^^
  File "C:\Users\sahu
a\AppData\Roaming\Pyt
hon\Python314\site-pa
ckages\django\utils\c
onnection.py", line 
15, in __getattr__
    return getattr(se
lf._connections[self.
_alias], item)
                   ~~
~~~~~~~~~~~~~~~^^^^^^
^^^^^^^
  File "C:\Users\sahu
a\AppData\Roaming\Pyt
hon\Python314\site-pa
ckages\django\utils\c
onnection.py", line 
62, in __getitem__
    conn = self.creat
e_connection(alias)
  File "C:\Users\sahu
a\AppData\Roaming\Pyt
hon\Python314\site-pa
ckages\django\db\util
s.py", line 196, in 
create_connection
    backend = load_ba
ckend(db["ENGINE"])
  File "C:\Users\sahu
a\AppData\Roaming\Pyt
hon\Python314\site-pa
ckages\django\db\util
s.py", line 116, in 
load_backend
    return import_mod
ule("%s.base" % 
backend_name)
  File "C:\Python314\
Lib\importlib\__init_
_.py", line 88, in 
import_module
    return _bootstrap
._gcd_import(name[lev
el:], package, level)
           ~~~~~~~~~~
~~~~~~~~~~~~^^^^^^^^^
^^^^^^^^^^^^^^^^^^^^^
  File "C:\Users\sahu
a\AppData\Roaming\Pyt
hon\Python314\site-pa
ckages\django\db\back
ends\mysql\base.py", 
line 37, in <module>
    raise 
ImproperlyConfigured(
        "mysqlclient 
2.2.1 or newer is 
required; you have 
%s." % 
Database.__version__
    )
django.core.exception
s.ImproperlyConfigure
d: mysqlclient 2.2.1 
or newer is 
required; you have 
1.4.6.
